// Jest Snapshot v1, https://goo.gl/fbAQLP

exports[`Module Module renders to page 1`] = `
<div
  style={
    Object {
      "fontFamily": "Helvetica",
    }
  }
>
  <div
    className="review-header"
  >
    <h2
      className="sc-fznKkj jWwMA"
    >
       
      <div
        style={
          Object {
            "color": "red",
            "display": "inline-block",
          }
        }
      >
        ★
      </div>
       
      0
       (
      0
       reviews)
    </h2>
  </div>
  <div
    className="review-categories"
    style={
      Object {
        "display": "flex",
        "flexFlow": "row wrap",
      }
    }
  />
  <div
    className="sc-AxheI arqrE"
  />
  <button
    className="sc-fznyAO hsvusQ"
    onClick={[Function]}
  >
    Show all 
    0
     reviews
  </button>
</div>
`;

exports[`testing 1`] = `
<div
  style={
    Object {
      "fontFamily": "Helvetica",
    }
  }
>
  <div
    className="review-header"
  >
    <h2
      className="sc-fznKkj jWwMA"
    >
       
      <div
        style={
          Object {
            "color": "red",
            "display": "inline-block",
          }
        }
      >
        ★
      </div>
       
      0
       (
      0
       reviews)
    </h2>
  </div>
  <div
    className="review-categories"
    style={
      Object {
        "display": "flex",
        "flexFlow": "row wrap",
      }
    }
  />
  <div
    className="sc-AxheI arqrE"
  />
  <button
    className="sc-fznyAO hsvusQ"
    onClick={[Function]}
  >
    Show all 
    0
     reviews
  </button>
</div>
`;
